/var/scratch/hkd800/anaconda3/lib/python3.11/site-packages/torchvision/io/image.py:13: UserWarning: Failed to load image Python extension: '/var/scratch/hkd800/anaconda3/lib/python3.11/site-packages/torchvision/image.so: undefined symbol: _ZN3c1017RegisterOperatorsD1Ev'If you don't plan on using image functionality from `torchvision.io`, you can ignore this warning. Otherwise, there might be something wrong with your environment. Did you have `libjpeg` or `libpng` installed before building `torchvision` from source?
  warn(
Running experiment... (model: cogvlm, prompt type: 1)
Loading checkpoint shards:   0%|          | 0/8 [00:00<?, ?it/s]Loading checkpoint shards:  12%|█▎        | 1/8 [00:00<00:01,  5.46it/s]Loading checkpoint shards:  25%|██▌       | 2/8 [00:00<00:01,  5.47it/s]Loading checkpoint shards:  38%|███▊      | 3/8 [00:00<00:00,  5.45it/s]Loading checkpoint shards:  50%|█████     | 4/8 [00:00<00:00,  5.45it/s]Loading checkpoint shards:  62%|██████▎   | 5/8 [00:00<00:00,  5.44it/s]Loading checkpoint shards:  75%|███████▌  | 6/8 [00:01<00:00,  5.02it/s]Loading checkpoint shards:  88%|████████▊ | 7/8 [00:01<00:00,  4.66it/s]Loading checkpoint shards: 100%|██████████| 8/8 [00:01<00:00,  5.09it/s]Loading checkpoint shards: 100%|██████████| 8/8 [00:01<00:00,  5.16it/s]
{
   "experiment": "CogVLM",
   "prompt_type": 1,
   "prompt_template": "Which word/phrase is conveyed in this image from the following options (either A, B, C, or D)?\n(A) {} (B) {} (C) {} (D) {}",
   "n_puzzles": 1008,
   "save_dir": "/var/scratch/hkd800/scripts/results/prompt_1",
   "models_dir": "/var/scratch/hkd800/scripts/models/downloads",
   "device": "cuda"
}
Prompting CogVLM:   0%|          | 0/1008 [00:00<?, ?it/s]Prompting CogVLM:   0%|          | 0/1008 [00:02<?, ?it/s]
Traceback (most recent call last):
  File "/var/scratch/hkd800/scripts/main.py", line 70, in <module>
    main()
  File "/var/scratch/hkd800/scripts/main.py", line 58, in main
    cogvlm_experiment.run_on_benchmark(save_dir=save_dir)
  File "/var/scratch/hkd800/scripts/models/CogVLMModel.py", line 64, in run_on_benchmark
    outputs = self.model.generate(**inputs, **gen_kwargs)
              ^^^^^^^^^^^^^^^^^^^^^^^^^^^^^^^^^^^^^^^^^^^
  File "/var/scratch/hkd800/anaconda3/lib/python3.11/site-packages/torch/utils/_contextlib.py", line 115, in decorate_context
    return func(*args, **kwargs)
           ^^^^^^^^^^^^^^^^^^^^^
  File "/var/scratch/hkd800/anaconda3/lib/python3.11/site-packages/transformers/generation/utils.py", line 1989, in generate
    result = self._sample(
             ^^^^^^^^^^^^^
  File "/var/scratch/hkd800/anaconda3/lib/python3.11/site-packages/transformers/generation/utils.py", line 2932, in _sample
    outputs = self(**model_inputs, return_dict=True)
              ^^^^^^^^^^^^^^^^^^^^^^^^^^^^^^^^^^^^^^
  File "/var/scratch/hkd800/anaconda3/lib/python3.11/site-packages/torch/nn/modules/module.py", line 1532, in _wrapped_call_impl
    return self._call_impl(*args, **kwargs)
           ^^^^^^^^^^^^^^^^^^^^^^^^^^^^^^^^
  File "/var/scratch/hkd800/anaconda3/lib/python3.11/site-packages/torch/nn/modules/module.py", line 1541, in _call_impl
    return forward_call(*args, **kwargs)
           ^^^^^^^^^^^^^^^^^^^^^^^^^^^^^
  File "/home/hkd800/.cache/huggingface/modules/transformers_modules/THUDM/cogvlm-chat-hf/e29dc3ba206d524bf8efbfc60d80fc4556ab0e3c/modeling_cogvlm.py", line 660, in forward
    outputs = self.model(
              ^^^^^^^^^^^
  File "/var/scratch/hkd800/anaconda3/lib/python3.11/site-packages/torch/nn/modules/module.py", line 1532, in _wrapped_call_impl
    return self._call_impl(*args, **kwargs)
           ^^^^^^^^^^^^^^^^^^^^^^^^^^^^^^^^
  File "/var/scratch/hkd800/anaconda3/lib/python3.11/site-packages/torch/nn/modules/module.py", line 1541, in _call_impl
    return forward_call(*args, **kwargs)
           ^^^^^^^^^^^^^^^^^^^^^^^^^^^^^
  File "/home/hkd800/.cache/huggingface/modules/transformers_modules/THUDM/cogvlm-chat-hf/e29dc3ba206d524bf8efbfc60d80fc4556ab0e3c/modeling_cogvlm.py", line 442, in forward
    return self.llm_forward(
           ^^^^^^^^^^^^^^^^^
  File "/home/hkd800/.cache/huggingface/modules/transformers_modules/THUDM/cogvlm-chat-hf/e29dc3ba206d524bf8efbfc60d80fc4556ab0e3c/modeling_cogvlm.py", line 491, in llm_forward
    past_key_values_length = past_key_values[0][0].shape[2]
                             ^^^^^^^^^^^^^^^^^^^^^^^^^^^
AttributeError: 'str' object has no attribute 'shape'
