/var/scratch/hkd800/anaconda3/lib/python3.11/site-packages/torchvision/io/image.py:13: UserWarning: Failed to load image Python extension: '/var/scratch/hkd800/anaconda3/lib/python3.11/site-packages/torchvision/image.so: undefined symbol: _ZN3c1017RegisterOperatorsD1Ev'If you don't plan on using image functionality from `torchvision.io`, you can ignore this warning. Otherwise, there might be something wrong with your environment. Did you have `libjpeg` or `libpng` installed before building `torchvision` from source?
  warn(
Running experiment... (model: blip2-opt-2.7b, prompt type: 1)
Traceback (most recent call last):
  File "/var/scratch/hkd800/scripts/main.py", line 70, in <module>
    main()
  File "/var/scratch/hkd800/scripts/main.py", line 33, in main
    blip2_experiment = BLIP2Experiment(model_type="opt-2.7b", prompt_type=prompt_type)
                       ^^^^^^^^^^^^^^^^^^^^^^^^^^^^^^^^^^^^^^^^^^^^^^^^^^^^^^^^^^^^^^^
  File "/var/scratch/hkd800/scripts/models/BLIP2Experiment.py", line 21, in __init__
    self._load_model()
  File "/var/scratch/hkd800/scripts/models/BLIP2Experiment.py", line 24, in _load_model
    self.processor = Blip2Processor.from_pretrained(
                     ^^^^^^^^^^^^^^^^^^^^^^^^^^^^^^^
  File "/var/scratch/hkd800/anaconda3/lib/python3.11/site-packages/transformers/processing_utils.py", line 892, in from_pretrained
    args = cls._get_arguments_from_pretrained(pretrained_model_name_or_path, **kwargs)
           ^^^^^^^^^^^^^^^^^^^^^^^^^^^^^^^^^^^^^^^^^^^^^^^^^^^^^^^^^^^^^^^^^^^^^^^^^^^
  File "/var/scratch/hkd800/anaconda3/lib/python3.11/site-packages/transformers/processing_utils.py", line 938, in _get_arguments_from_pretrained
    args.append(attribute_class.from_pretrained(pretrained_model_name_or_path, **kwargs))
                ^^^^^^^^^^^^^^^^^^^^^^^^^^^^^^^^^^^^^^^^^^^^^^^^^^^^^^^^^^^^^^^^^^^^^^^^
  File "/var/scratch/hkd800/anaconda3/lib/python3.11/site-packages/transformers/models/auto/tokenization_auto.py", line 897, in from_pretrained
    return tokenizer_class.from_pretrained(pretrained_model_name_or_path, *inputs, **kwargs)
           ^^^^^^^^^^^^^^^^^^^^^^^^^^^^^^^^^^^^^^^^^^^^^^^^^^^^^^^^^^^^^^^^^^^^^^^^^^^^^^^^^
  File "/var/scratch/hkd800/anaconda3/lib/python3.11/site-packages/transformers/tokenization_utils_base.py", line 2271, in from_pretrained
    return cls._from_pretrained(
           ^^^^^^^^^^^^^^^^^^^^^
  File "/var/scratch/hkd800/anaconda3/lib/python3.11/site-packages/transformers/tokenization_utils_base.py", line 2505, in _from_pretrained
    tokenizer = cls(*init_inputs, **init_kwargs)
                ^^^^^^^^^^^^^^^^^^^^^^^^^^^^^^^^
  File "/var/scratch/hkd800/anaconda3/lib/python3.11/site-packages/transformers/models/gpt2/tokenization_gpt2_fast.py", line 99, in __init__
    super().__init__(
  File "/var/scratch/hkd800/anaconda3/lib/python3.11/site-packages/transformers/tokenization_utils_fast.py", line 115, in __init__
    fast_tokenizer = TokenizerFast.from_file(fast_tokenizer_file)
                     ^^^^^^^^^^^^^^^^^^^^^^^^^^^^^^^^^^^^^^^^^^^^
Exception: data did not match any variant of untagged enum ModelWrapper at line 250373 column 3
