/var/scratch/hkd800/anaconda3/lib/python3.11/site-packages/torchvision/io/image.py:13: UserWarning: Failed to load image Python extension: '/var/scratch/hkd800/anaconda3/lib/python3.11/site-packages/torchvision/image.so: undefined symbol: _ZN3c1017RegisterOperatorsD1Ev'If you don't plan on using image functionality from `torchvision.io`, you can ignore this warning. Otherwise, there might be something wrong with your environment. Did you have `libjpeg` or `libpng` installed before building `torchvision` from source?
  warn(
/var/scratch/hkd800/anaconda3/lib/python3.11/site-packages/torchvision/datapoints/__init__.py:12: UserWarning: The torchvision.datapoints and torchvision.transforms.v2 namespaces are still Beta. While we do not expect major breaking changes, some APIs may still change according to user feedback. Please submit any feedback you may have in this issue: https://github.com/pytorch/vision/issues/6753, and you can also check out https://github.com/pytorch/vision/issues/7319 to learn more about the APIs that we suspect might involve future changes. You can silence this warning by calling torchvision.disable_beta_transforms_warning().
  warnings.warn(_BETA_TRANSFORMS_WARNING)
/var/scratch/hkd800/anaconda3/lib/python3.11/site-packages/torchvision/transforms/v2/__init__.py:54: UserWarning: The torchvision.datapoints and torchvision.transforms.v2 namespaces are still Beta. While we do not expect major breaking changes, some APIs may still change according to user feedback. Please submit any feedback you may have in this issue: https://github.com/pytorch/vision/issues/6753, and you can also check out https://github.com/pytorch/vision/issues/7319 to learn more about the APIs that we suspect might involve future changes. You can silence this warning by calling torchvision.disable_beta_transforms_warning().
  warnings.warn(_BETA_TRANSFORMS_WARNING)
Running experiment... (model: blip2-opt-2.7b, prompt type: 1)
Downloading shards:   0%|          | 0/2 [00:00<?, ?it/s]Downloading shards:   0%|          | 0/2 [01:17<?, ?it/s]
Traceback (most recent call last):
  File "/var/scratch/hkd800/anaconda3/lib/python3.11/site-packages/huggingface_hub/file_download.py", line 1915, in _download_to_tmp_and_move
    http_get(
  File "/var/scratch/hkd800/anaconda3/lib/python3.11/site-packages/huggingface_hub/file_download.py", line 552, in http_get
    temp_file.write(chunk)
OSError: [Errno 116] Stale file handle

During handling of the above exception, another exception occurred:

Traceback (most recent call last):
  File "/var/scratch/hkd800/scripts/main.py", line 70, in <module>
    main()
  File "/var/scratch/hkd800/scripts/main.py", line 33, in main
    blip2_experiment = BLIP2Experiment(model_type="opt-2.7b", prompt_type=prompt_type)
                       ^^^^^^^^^^^^^^^^^^^^^^^^^^^^^^^^^^^^^^^^^^^^^^^^^^^^^^^^^^^^^^^
  File "/var/scratch/hkd800/scripts/models/BLIP2Experiment.py", line 21, in __init__
    self._load_model()
  File "/var/scratch/hkd800/scripts/models/BLIP2Experiment.py", line 29, in _load_model
    self.model = Blip2ForConditionalGeneration.from_pretrained(
                 ^^^^^^^^^^^^^^^^^^^^^^^^^^^^^^^^^^^^^^^^^^^^^^
  File "/var/scratch/hkd800/anaconda3/lib/python3.11/site-packages/transformers/modeling_utils.py", line 3990, in from_pretrained
    resolved_archive_file, sharded_metadata = get_checkpoint_shard_files(
                                              ^^^^^^^^^^^^^^^^^^^^^^^^^^^
  File "/var/scratch/hkd800/anaconda3/lib/python3.11/site-packages/transformers/utils/hub.py", line 1098, in get_checkpoint_shard_files
    cached_filename = cached_file(
                      ^^^^^^^^^^^^
  File "/var/scratch/hkd800/anaconda3/lib/python3.11/site-packages/transformers/utils/hub.py", line 403, in cached_file
    resolved_file = hf_hub_download(
                    ^^^^^^^^^^^^^^^^
  File "/var/scratch/hkd800/anaconda3/lib/python3.11/site-packages/huggingface_hub/utils/_deprecation.py", line 101, in inner_f
    return f(*args, **kwargs)
           ^^^^^^^^^^^^^^^^^^
  File "/var/scratch/hkd800/anaconda3/lib/python3.11/site-packages/huggingface_hub/utils/_validators.py", line 114, in _inner_fn
    return fn(*args, **kwargs)
           ^^^^^^^^^^^^^^^^^^^
  File "/var/scratch/hkd800/anaconda3/lib/python3.11/site-packages/huggingface_hub/file_download.py", line 1240, in hf_hub_download
    return _hf_hub_download_to_cache_dir(
           ^^^^^^^^^^^^^^^^^^^^^^^^^^^^^^
  File "/var/scratch/hkd800/anaconda3/lib/python3.11/site-packages/huggingface_hub/file_download.py", line 1389, in _hf_hub_download_to_cache_dir
    _download_to_tmp_and_move(
  File "/var/scratch/hkd800/anaconda3/lib/python3.11/site-packages/huggingface_hub/file_download.py", line 1903, in _download_to_tmp_and_move
    with incomplete_path.open("ab") as f:
OSError: [Errno 116] Stale file handle
